Read	.snapper.configs []
Return	false
Return	
Read	.snapper.configs nil
Return	false
Return	
Read	.snapper.configs ["opt", "var", "root"]
Return	true
Return	root
Read	.snapper.configs ["opt", "var"]
Return	true
Return	opt
